// Jest Snapshot v1, https://jestjs.io/docs/snapshot-testing

exports[`en locale matches snapshot 1`] = `
{
  "LocaleSwitcher": {
    "label": "Change language",
    "locale": "{locale, select, ru {Russian} ua {Ukrainian} en {English} other {Unknown}}",
  },
  "Login": {
    "layout": {
      "description": "Login - description",
      "title": "Login",
    },
    "title": "Login",
  },
  "Registration": {
    "description": "Please, fill all fields",
    "form": {
      "email": {
        "errors": {
          "required": "Please input your email!",
        },
        "label": "Email",
        "placeholder": "Input email",
      },
      "password": {
        "errors": {
          "maxLength": "Must be no more than 20 characters",
          "minLength": "Must be at least 6 characters long",
          "required": "Please input your password!",
        },
        "label": "Password",
        "placeholder": "Input password",
      },
      "userName": {
        "errors": {
          "required": "Please input your username!",
        },
        "label": "Username",
        "placeholder": "Input username",
      },
    },
    "layout": {
      "description": "Registration - description",
      "title": "Registration",
    },
    "title": "Sign up",
  },
  "TodoList": {
    "layout": {
      "description": "Todo list page - description",
      "title": "Todo list page",
    },
    "title": "Todo list",
  },
  "shared": {
    "add": "Add",
    "cancel": "Cancel",
    "confirm": "Confirm",
    "create": "Create",
    "delete": "Delete",
    "email": "Email",
    "logIn": "Log in",
    "logout": "Log out",
    "modal": {
      "removeOrder": {
        "title": "Are you sure you want to remove this Order?",
      },
      "removeParish": {
        "title": "Are you sure you want to remove this parish?",
      },
      "removeProduct": {
        "title": "Are you sure you want to remove this product?",
      },
    },
    "next": "Next",
    "password": "Password",
    "previous": "Previous",
    "product": "Product",
    "profile": "Profile",
    "save": "Save",
    "search": "Search",
    "settings": "Settings",
    "signUp": "Sign up",
    "status": {
      "free": "In stock",
      "new": "New",
      "repair": "Repair",
      "reserved": "Reserved",
      "sold": "Sold",
      "used": "Used",
    },
  },
}
`;
